----- Abbreviated help output: -------------------------------------------

You must pass either `-e` or at least one folder or ruby file.

Typechecker for Ruby
Usage:
  sorbet [OPTION...] <path 1> <path 2> ...

  -e, string     Parse an inline ruby string (default: )
  -q, --quiet    Silence all non-critical errors
  -v, --verbose  Verbosity level [0-3]
  -h,            Show short help
      --help     Show long help
      --version  Show version


----- Abbreviated help output with empty config file: --------------------

You must pass either `-e` or at least one folder or ruby file.

Typechecker for Ruby
Usage:
  sorbet [OPTION...] <path 1> <path 2> ...

  -e, string     Parse an inline ruby string (default: )
  -q, --quiet    Silence all non-critical errors
  -v, --verbose  Verbosity level [0-3]
  -h,            Show short help
      --help     Show long help
      --version  Show version


----- Full help output: --------------------------------------------------

Typechecker for Ruby
Usage:
  sorbet [OPTION...] <path 1> <path 2> ...

  -e, string     Parse an inline ruby string (default: )
  -q, --quiet    Silence all non-critical errors
  -v, --verbose  Verbosity level [0-3]
  -h,            Show short help
      --help     Show long help
      --version  Show version

 advanced options:
      --dir arg                 Input directory
      --file arg                Input file
      --configatron-dir path    Path to configatron yaml folders
      --configatron-file path   Path to configatron yaml files
      --web-trace-file file     Web trace file. For use with chrome
                                about://tracing (default: )
      --debug-log-file file     Path to debug log file (default: )
      --reserve-mem-kb arg      Preallocate the specified amount of memory
                                for symbol+name tables (default: 0)
      --stdout-hup-hack         Monitor STDERR for HUP and exit on hangup
      --remove-path-prefix prefix
                                Remove the provided path prefix from all
                                printed paths. Defaults to the input directory
                                passed to Sorbet, if any. (default: )
  -a, --autocorrect             Auto-correct source files with suggested
                                fixes
      --suggest-runtime-profiled
                                When suggesting signatures in `typed: strict`
                                mode, suggest `::T::Utils::RuntimeProfiled`
  -P, --progress                Draw progressbar
      --license                 Show license
      --color {always,never,[auto]}
                                Use color output (default: auto)
      --lsp                     Start in language-server-protocol mode
      --no-config               Do not load the content of the
                                `sorbet/config` file
      --disable-watchman        When in language-server-protocol mode,
                                disable file watching via Watchman
      --watchman-path arg       Path to watchman executable. Defaults to
                                using `watchman` on your PATH. (default: watchman)
      --enable-experimental-lsp-autocomplete
                                Enable experimental LSP feature: Autocomplete
      --enable-experimental-lsp-autocomplete-methods
                                Enable experimental LSP feature:
                                Autocomplete, but only for methods
      --enable-experimental-lsp-workspace-symbols
                                Enable experimental LSP feature: Workspace
                                Symbols
      --enable-experimental-lsp-document-symbol
                                Enable experimental LSP feature: Document
                                Symbol
      --enable-experimental-lsp-document-highlight
                                Enable experimental LSP feature: Document
                                Highlight
      --enable-experimental-lsp-signature-help
                                Enable experimental LSP feature: Signature
                                Help
      --enable-experimental-lsp-quick-fix
                                Enable experimental LSP feature: Quick Fix
      --enable-all-experimental-lsp-features
                                Enable every experimental LSP feature.
      --ignore string           Ignores input files that contain the given
                                string in their paths (relative to the input
                                path passed to Sorbet). Strings beginning with /
                                match against the prefix of these relative
                                paths; others are substring matchs. Matches must
                                be against whole folder and file names, so
                                `foo` matches `/foo/bar.rb` and `/bar/foo/baz.rb`
                                but not `/foo.rb` or `/foo2/bar.rb`.
      --lsp-directories-missing-from-client string
                                Directory prefixes that are not accessible
                                editor-side. References to files in these
                                directories will be sent as sorbet: URIs to clients
                                that understand them.
      --no-error-count          Do not print the error count summary line
      --autogen-version arg     Autogen version to output
      --stripe-mode             Enable Stripe specific error enforcement
      --autogen-autoloader-exclude-require arg
                                Names that should be excluded from top-level
                                require statements in autoloader output. (e.g.
                                'pry')
      --autogen-autoloader-ignore arg
                                Input files to exclude from autoloader
                                output. (See --ignore for formatting.)
      --autogen-autoloader-modules arg
                                Top-level modules to include in autoloader
                                output
      --autogen-autoloader-preamble arg
                                Preamble to add to each autoloader file
                                (default: )
      --autogen-autoloader-root arg
                                Root directory for autoloader output
                                (default: autoloader)
      --autogen-autoloader-samefile arg
                                Modules that should never be collapsed into
                                their parent. This helps break cycles in
                                certain cases. (e.g. Foo::Bar::Baz)
      --autogen-autoloader-strip-prefix arg
                                Prefixes to strip from file output paths. If
                                path does not start with prefix, nothing is
                                stripped
      --error-url-base url-base
                                Error URL base string. If set, error URLs are
                                generated by prefixing the error code with
                                this string. (default: https://srb.help/)

 dev options:
  -p, --print type              Print: [parse-tree, parse-tree-json,
                                parse-tree-whitequark, desugar-tree, desugar-tree-raw,
                                dsl-tree, dsl-tree-raw, index-tree,
                                index-tree-raw, name-tree, name-tree-raw, resolve-tree,
                                resolve-tree-raw, flatten-tree,
                                flatten-tree-raw, ast, ast-raw, cfg, cfg-raw, cfg-json,
                                cfg-proto, symbol-table, symbol-table-raw,
                                symbol-table-json, symbol-table-full,
                                symbol-table-full-raw, symbol-table-full-json,
                                file-table-json, missing-constants, plugin-generated-code,
                                autogen, autogen-msgpack, autogen-classlist,
                                autogen-autoloader, autogen-subclasses]
      --autogen-subclasses-parent string
                                Parent classes for which generate a list of
                                subclasses. This option must be used in
                                conjunction with -p autogen-subclasses
      --autogen-subclasses-ignore string
                                Like --ignore, but it only affects `-p
                                autogen-subclasses`.
      --stop-after phase        Stop After: [init, parser, desugarer, dsl,
                                local-vars, namer, resolver, cfg, inferencer]
                                (default: inferencer)
      --no-stdlib               Do not load included rbi files for stdlib
      --skip-dsl-passes         Do not run DSL passess
      --wait-for-dbg            Wait for debugger on start
      --stress-incremental-resolver
                                Force incremental updates to discover
                                resolver & namer bugs
      --sleep-in-slow-path      Add some sleeps to slow path to artificially
                                slow it down
      --simulate-crash          Crash on start
      --silence-dev-message     Silence "You are running a development build"
                                message
      --censor-for-snapshot-tests
                                When printing raw location information, don't
                                show line numbers
      --error-white-list errorCode
                                Error code to whitelist into reporting.
                                Errors not mentioned will be silenced. This option
                                can be passed multiple times.
      --error-black-list errorCode
                                Error code to blacklist from reporting.
                                Errors mentioned will be silenced. This option can
                                be passed multiple times.
      --typed {false,true,strict,strong,[auto]}
                                Force all code to specified strictness level
                                (default: auto)
      --typed-override filepath.yaml
                                Yaml config that overrides strictness levels
                                on files (default: )
      --store-state file        Store state into file (default: )
      --cache-dir dir           Use the specified folder to cache data
                                (default: )
      --suppress-non-critical   Exit 0 unless there was a critical error
      --dsl-plugins filepath.yaml
                                YAML config that configures external DSL
                                plugins (default: )
      --counter counter         Print internal counter
      --statsd-host host        StatsD sever hostname (default: )
      --counters                Print all internal counters
      --suggest-typed           Suggest which typed: sigils to add or upgrade
      --statsd-prefix prefix    StatsD prefix (default: ruby_typer.unknown)
      --statsd-port port        StatsD server port (default: 8200)
      --metrics-file file       File to export metrics to (default: )
      --metrics-prefix file     Prefix to use in metrics (default:
                                ruby_typer.unknown.)
      --metrics-branch branch   Branch to report in metrics export (default:
                                none)
      --metrics-sha sha1        Sha1 to report in metrics export (default:
                                none)
      --metrics-repo repo       Repo to report in metrics export (default:
                                none)

--------------------------------------------------------------------------
